src/components/dashboard/PegawaiKampusChart.tsx(42,9): error TS2353: Object literal may only specify known properties, and 'colorByPoint' does not exist in type 'SeriesPieOptions'.
src/components/dashboard/SantriKampusChart.tsx(42,9): error TS2353: Object literal may only specify known properties, and 'colorByPoint' does not exist in type 'SeriesPieOptions'.
src/components/ui/calendar.tsx(57,9): error TS2353: Object literal may only specify known properties, and 'IconLeft' does not exist in type 'Partial<CustomComponents>'.
src/components/ui/calendar.tsx(57,22): error TS7031: Binding element 'className' implicitly has an 'any' type.
src/components/ui/calendar.tsx(60,23): error TS7031: Binding element 'className' implicitly has an 'any' type.
